{
    "0": {
        "R001": [
            {
                "id": "P00",
                "weight": 2.3,
                "postCode": "0465",
                "address": "123 Main St",
                "status": "IN_TRANSIT",
                "createdDate": "2025-05-20"
            }
        ]
    },
    "1": {
        "R001": [
            {
                "id": "P00",
                "weight": 2.3,
                "postCode": "0465",
                "address": "123 Main St",
                "status": "IN_TRANSIT",
                "createdDate": "2025-05-20"
            }
        ],
        "R002": [
            {
                "id": "P01",
                "weight": 2.3,
                "postCode": "0465",
                "address": "123 Main St",
                "status": "IN_TRANSIT",
                "createdDate": "2025-05-20"
            }
        ]
    },
    "2": {
        "R001": [
            {
                "id": "P00",
                "weight": 2.3,
                "postCode": "0465",
                "address": "123 Main St",
                "status": "IN_TRANSIT",
                "createdDate": "2025-05-20"
            }
        ],
        "R002": [
            {
                "id": "P01",
                "weight": 2.3,
                "postCode": "0465",
                "address": "123 Main St",
                "status": "IN_TRANSIT",
                "createdDate": "2025-05-20"
            }
        ],
        "R003": [
            {
                "id": "P02",
                "weight": 2.3,
                "postCode": "0465",
                "address": "123 Main St",
                "status": "IN_TRANSIT",
                "createdDate": "2025-05-20"
            }
        ]
    },
    "3": {
        "R001": [
            {
                "id": "P00",
                "weight": 2.3,
                "postCode": "0465",
                "address": "123 Main St",
                "status": "IN_TRANSIT",
                "createdDate": "2025-05-20"
            },
            {
                "id": "P03",
                "weight": 2.3,
                "postCode": "0465",
                "address": "123 Main St",
                "status": "IN_TRANSIT",
                "createdDate": "2025-05-20"
            }
        ],
        "R002": [
            {
                "id": "P01",
                "weight": 2.3,
                "postCode": "0465",
                "address": "123 Main St",
                "status": "IN_TRANSIT",
                "createdDate": "2025-05-20"
            }
        ],
        "R003": [
            {
                "id": "P02",
                "weight": 2.3,
                "postCode": "0465",
                "address": "123 Main St",
                "status": "IN_TRANSIT",
                "createdDate": "2025-05-20"
            }
        ]
    },
    "4": {
        "R001": [
            {
                "id": "P00",
                "weight": 2.3,
                "postCode": "0465",
                "address": "123 Main St",
                "status": "IN_TRANSIT",
                "createdDate": "2025-05-20"
            },
            {
                "id": "P03",
                "weight": 2.3,
                "postCode": "0465",
                "address": "123 Main St",
                "status": "IN_TRANSIT",
                "createdDate": "2025-05-20"
            }
        ],
        "R002": [
            {
                "id": "P01",
                "weight": 2.3,
                "postCode": "0465",
                "address": "123 Main St",
                "status": "IN_TRANSIT",
                "createdDate": "2025-05-20"
            },
            {
                "id": "P04",
                "weight": 2.3,
                "postCode": "0465",
                "address": "123 Main St",
                "status": "IN_TRANSIT",
                "createdDate": "2025-05-20"
            }
        ],
        "R003": [
            {
                "id": "P02",
                "weight": 2.3,
                "postCode": "0465",
                "address": "123 Main St",
                "status": "IN_TRANSIT",
                "createdDate": "2025-05-20"
            }
        ]
    },
    "5": {
        "R001": [
            {
                "id": "P00",
                "weight": 2.3,
                "postCode": "0465",
                "address": "123 Main St",
                "status": "IN_TRANSIT",
                "createdDate": "2025-05-20"
            },
            {
                "id": "P03",
                "weight": 2.3,
                "postCode": "0465",
                "address": "123 Main St",
                "status": "IN_TRANSIT",
                "createdDate": "2025-05-20"
            }
        ],
        "R002": [
            {
                "id": "P01",
                "weight": 2.3,
                "postCode": "0465",
                "address": "123 Main St",
                "status": "IN_TRANSIT",
                "createdDate": "2025-05-20"
            },
            {
                "id": "P04",
                "weight": 2.3,
                "postCode": "0465",
                "address": "123 Main St",
                "status": "IN_TRANSIT",
                "createdDate": "2025-05-20"
            }
        ],
        "R003": [
            {
                "id": "P02",
                "weight": 2.3,
                "postCode": "0465",
                "address": "123 Main St",
                "status": "IN_TRANSIT",
                "createdDate": "2025-05-20"
            },
            {
                "id": "P05",
                "weight": 2.3,
                "postCode": "0465",
                "address": "123 Main St",
                "status": "IN_TRANSIT",
                "createdDate": "2025-05-20"
            }
        ]
    },
    "6": {
        "R001": [
            {
                "id": "P00",
                "weight": 2.3,
                "postCode": "0465",
                "address": "123 Main St",
                "status": "IN_TRANSIT",
                "createdDate": "2025-05-20"
            },
            {
                "id": "P03",
                "weight": 2.3,
                "postCode": "0465",
                "address": "123 Main St",
                "status": "IN_TRANSIT",
                "createdDate": "2025-05-20"
            },
            {
                "id": "P06",
                "weight": 2.3,
                "postCode": "0465",
                "address": "123 Main St",
                "status": "IN_TRANSIT",
                "createdDate": "2025-05-20"
            }
        ],
        "R002": [
            {
                "id": "P01",
                "weight": 2.3,
                "postCode": "0465",
                "address": "123 Main St",
                "status": "IN_TRANSIT",
                "createdDate": "2025-05-20"
            },
            {
                "id": "P04",
                "weight": 2.3,
                "postCode": "0465",
                "address": "123 Main St",
                "status": "IN_TRANSIT",
                "createdDate": "2025-05-20"
            }
        ],
        "R003": [
            {
                "id": "P02",
                "weight": 2.3,
                "postCode": "0465",
                "address": "123 Main St",
                "status": "IN_TRANSIT",
                "createdDate": "2025-05-20"
            },
            {
                "id": "P05",
                "weight": 2.3,
                "postCode": "0465",
                "address": "123 Main St",
                "status": "IN_TRANSIT",
                "createdDate": "2025-05-20"
            }
        ]
    },
    "7": {
        "R001": [
            {
                "id": "P00",
                "weight": 2.3,
                "postCode": "0465",
                "address": "123 Main St",
                "status": "IN_TRANSIT",
                "createdDate": "2025-05-20"
            },
            {
                "id": "P03",
                "weight": 2.3,
                "postCode": "0465",
                "address": "123 Main St",
                "status": "IN_TRANSIT",
                "createdDate": "2025-05-20"
            },
            {
                "id": "P06",
                "weight": 2.3,
                "postCode": "0465",
                "address": "123 Main St",
                "status": "IN_TRANSIT",
                "createdDate": "2025-05-20"
            }
        ],
        "R002": [
            {
                "id": "P01",
                "weight": 2.3,
                "postCode": "0465",
                "address": "123 Main St",
                "status": "IN_TRANSIT",
                "createdDate": "2025-05-20"
            },
            {
                "id": "P04",
                "weight": 2.3,
                "postCode": "0465",
                "address": "123 Main St",
                "status": "IN_TRANSIT",
                "createdDate": "2025-05-20"
            },
            {
                "id": "P07",
                "weight": 2.3,
                "postCode": "0465",
                "address": "123 Main St",
                "status": "IN_TRANSIT",
                "createdDate": "2025-05-20"
            }
        ],
        "R003": [
            {
                "id": "P02",
                "weight": 2.3,
                "postCode": "0465",
                "address": "123 Main St",
                "status": "IN_TRANSIT",
                "createdDate": "2025-05-20"
            },
            {
                "id": "P05",
                "weight": 2.3,
                "postCode": "0465",
                "address": "123 Main St",
                "status": "IN_TRANSIT",
                "createdDate": "2025-05-20"
            }
        ]
    },
    "8": {
        "R001": [
            {
                "id": "P00",
                "weight": 2.3,
                "postCode": "0465",
                "address": "123 Main St",
                "status": "IN_TRANSIT",
                "createdDate": "2025-05-20"
            },
            {
                "id": "P03",
                "weight": 2.3,
                "postCode": "0465",
                "address": "123 Main St",
                "status": "IN_TRANSIT",
                "createdDate": "2025-05-20"
            },
            {
                "id": "P06",
                "weight": 2.3,
                "postCode": "0465",
                "address": "123 Main St",
                "status": "IN_TRANSIT",
                "createdDate": "2025-05-20"
            }
        ],
        "R002": [
            {
                "id": "P01",
                "weight": 2.3,
                "postCode": "0465",
                "address": "123 Main St",
                "status": "IN_TRANSIT",
                "createdDate": "2025-05-20"
            },
            {
                "id": "P04",
                "weight": 2.3,
                "postCode": "0465",
                "address": "123 Main St",
                "status": "IN_TRANSIT",
                "createdDate": "2025-05-20"
            },
            {
                "id": "P07",
                "weight": 2.3,
                "postCode": "0465",
                "address": "123 Main St",
                "status": "IN_TRANSIT",
                "createdDate": "2025-05-20"
            }
        ],
        "R003": [
            {
                "id": "P02",
                "weight": 2.3,
                "postCode": "0465",
                "address": "123 Main St",
                "status": "IN_TRANSIT",
                "createdDate": "2025-05-20"
            },
            {
                "id": "P05",
                "weight": 2.3,
                "postCode": "0465",
                "address": "123 Main St",
                "status": "IN_TRANSIT",
                "createdDate": "2025-05-20"
            },
            {
                "id": "P08",
                "weight": 2.3,
                "postCode": "0465",
                "address": "123 Main St",
                "status": "IN_TRANSIT",
                "createdDate": "2025-05-20"
            }
        ]
    },
    "9": {
        "R001": [
            {
                "id": "P00",
                "weight": 2.3,
                "postCode": "0465",
                "address": "123 Main St",
                "status": "IN_TRANSIT",
                "createdDate": "2025-05-20"
            },
            {
                "id": "P03",
                "weight": 2.3,
                "postCode": "0465",
                "address": "123 Main St",
                "status": "IN_TRANSIT",
                "createdDate": "2025-05-20"
            },
            {
                "id": "P06",
                "weight": 2.3,
                "postCode": "0465",
                "address": "123 Main St",
                "status": "IN_TRANSIT",
                "createdDate": "2025-05-20"
            },
            {
                "id": "P09",
                "weight": 2.3,
                "postCode": "0465",
                "address": "123 Main St",
                "status": "IN_TRANSIT",
                "createdDate": "2025-05-20"
            }
        ],
        "R002": [
            {
                "id": "P01",
                "weight": 2.3,
                "postCode": "0465",
                "address": "123 Main St",
                "status": "IN_TRANSIT",
                "createdDate": "2025-05-20"
            },
            {
                "id": "P04",
                "weight": 2.3,
                "postCode": "0465",
                "address": "123 Main St",
                "status": "IN_TRANSIT",
                "createdDate": "2025-05-20"
            },
            {
                "id": "P07",
                "weight": 2.3,
                "postCode": "0465",
                "address": "123 Main St",
                "status": "IN_TRANSIT",
                "createdDate": "2025-05-20"
            }
        ],
        "R003": [
            {
                "id": "P02",
                "weight": 2.3,
                "postCode": "0465",
                "address": "123 Main St",
                "status": "IN_TRANSIT",
                "createdDate": "2025-05-20"
            },
            {
                "id": "P05",
                "weight": 2.3,
                "postCode": "0465",
                "address": "123 Main St",
                "status": "IN_TRANSIT",
                "createdDate": "2025-05-20"
            },
            {
                "id": "P08",
                "weight": 2.3,
                "postCode": "0465",
                "address": "123 Main St",
                "status": "IN_TRANSIT",
                "createdDate": "2025-05-20"
            }
        ]
    }
}